// Vitest Snapshot v1

exports[`LandingPage > should match with snapshot 1`] = `
<div>
  <div
    class="sc-bczRLJ cPJWFE"
  >
    <header
      class="sc-gKXOVf jiYhsw"
      data-testid="test-navigation"
    >
      <img
        alt="Medline logo"
        class="sc-iBkjds dsQiuu"
        src="/src/assets/images/medline-logo.svg"
      />
      <nav
        class="sc-ftvSup jOKGZY"
        data-testid="test-navigation-items"
      >
        <div
          class="sc-jSMfEi ldXHMK"
        >
          <button
            class="sc-papXJ dIhila"
          >
            Cadastro
          </button>
        </div>
        <div
          class="sc-jSMfEi ldXHMK"
        >
          <a
            href="/login"
          >
            Entrar
          </a>
        </div>
      </nav>
    </header>
    <main
      class="sc-gsnTZi brYZKs"
    >
      <div
        class="sc-dkzDqf fQiDFj"
      >
        <div
          class="sc-jqUVSM enRWGf"
        >
          <svg
            color="#808080"
            fill="currentColor"
            height="24"
            role="img"
            stroke="currentColor"
            stroke-width="0"
            style="color: rgb(128, 128, 128); margin-right: 8px;"
            viewBox="0 0 576 512"
            width="24"
            xmlns="http://www.w3.org/2000/svg"
          >
            <path
              d="M544 96H416V32c0-17.7-14.3-32-32-32H192c-17.7 0-32 14.3-32 32v64H32c-17.7 0-32 14.3-32 32v368c0 8.8 7.2 16 16 16h544c8.8 0 16-7.2 16-16V128c0-17.7-14.3-32-32-32zM160 436c0 6.6-5.4 12-12 12h-40c-6.6 0-12-5.4-12-12v-40c0-6.6 5.4-12 12-12h40c6.6 0 12 5.4 12 12v40zm0-128c0 6.6-5.4 12-12 12h-40c-6.6 0-12-5.4-12-12v-40c0-6.6 5.4-12 12-12h40c6.6 0 12 5.4 12 12v40zm160 128c0 6.6-5.4 12-12 12h-40c-6.6 0-12-5.4-12-12v-40c0-6.6 5.4-12 12-12h40c6.6 0 12 5.4 12 12v40zm0-128c0 6.6-5.4 12-12 12h-40c-6.6 0-12-5.4-12-12v-40c0-6.6 5.4-12 12-12h40c6.6 0 12 5.4 12 12v40zm16-170c0 3.3-2.7 6-6 6h-26v26c0 3.3-2.7 6-6 6h-20c-3.3 0-6-2.7-6-6v-26h-26c-3.3 0-6-2.7-6-6v-20c0-3.3 2.7-6 6-6h26V86c0-3.3 2.7-6 6-6h20c3.3 0 6 2.7 6 6v26h26c3.3 0 6 2.7 6 6v20zm144 298c0 6.6-5.4 12-12 12h-40c-6.6 0-12-5.4-12-12v-40c0-6.6 5.4-12 12-12h40c6.6 0 12 5.4 12 12v40zm0-128c0 6.6-5.4 12-12 12h-40c-6.6 0-12-5.4-12-12v-40c0-6.6 5.4-12 12-12h40c6.6 0 12 5.4 12 12v40z"
            />
          </svg>
          <div
            class=" css-khl8b7-container"
          >
            <span
              class="css-1f43avz-a11yText-A11yText"
              id="react-select-2-live-region"
            />
            <span
              aria-atomic="false"
              aria-live="polite"
              aria-relevant="additions text"
              class="css-1f43avz-a11yText-A11yText"
            />
            <div
              class=" css-ykjxqh-control"
            >
              <div
                class=" css-319lph-ValueContainer"
              >
                <div
                  class=" css-14el2xx-placeholder"
                  id="react-select-2-placeholder"
                >
                  Escolha uma unidade de saúde
                </div>
                <div
                  class=" css-6j8wv5-Input"
                  data-value=""
                >
                  <input
                    aria-autocomplete="list"
                    aria-describedby="react-select-2-placeholder"
                    aria-expanded="false"
                    aria-haspopup="true"
                    autocapitalize="none"
                    autocomplete="off"
                    autocorrect="off"
                    class=""
                    id="react-select-2-input"
                    role="combobox"
                    spellcheck="false"
                    style="opacity: 1; width: 100%; grid-area: 1 / 2; min-width: 2px; border: 0px; margin: 0px; outline: 0; padding: 0px;"
                    tabindex="0"
                    type="text"
                    value=""
                  />
                </div>
              </div>
              <div
                class=" css-1hb7zxy-IndicatorsContainer"
              >
                <span
                  class=" css-fvdc4z-indicatorSeparator"
                />
                <div
                  aria-hidden="true"
                  class=" css-tlfecz-indicatorContainer"
                >
                  <svg
                    aria-hidden="true"
                    class="css-tj5bde-Svg"
                    focusable="false"
                    height="20"
                    viewBox="0 0 20 20"
                    width="20"
                  >
                    <path
                      d="M4.516 7.548c0.436-0.446 1.043-0.481 1.576 0l3.908 3.747 3.908-3.747c0.533-0.481 1.141-0.446 1.574 0 0.436 0.445 0.408 1.197 0 1.615-0.406 0.418-4.695 4.502-4.695 4.502-0.217 0.223-0.502 0.335-0.787 0.335s-0.57-0.112-0.789-0.335c0 0-4.287-4.084-4.695-4.502s-0.436-1.17 0-1.615z"
                    />
                  </svg>
                </div>
              </div>
            </div>
            <input
              name="ubs"
              type="hidden"
              value=""
            />
          </div>
          <button
            class="sc-papXJ dIhila"
          >
            Procurar
          </button>
        </div>
      </div>
      <div
        class="sc-hKMtZM kLNVfB"
      >
        <h1>
          Encontre e visualize vagas
        </h1>
        <span>
          Procure pela unidade de sáude básica mais perto de você!
        </span>
      </div>
      <div
        class="sc-eCYdqJ iRNZWV"
      >
        <h1>
          O que fazemos
        </h1>
        <span>
          Permitimos que escolha sua vaga sem sair de casa.
        </span>
      </div>
    </main>
  </div>
</div>
`;
