// Vitest Snapshot v1

exports[`Header > should match with snapshot 1`] = `
<div>
  <header
    class="sc-gsnTZi jLFYRz"
    data-testid="test-navigation"
  >
    <img
      alt="icon"
      class="sc-dkzDqf dxiqfB"
      src="https://cdn-icons-png.flaticon.com/512/5277/5277459.png"
    />
    <nav
      class="sc-hKMtZM iKwNjC"
      data-testid="test-navigation-items"
    />
  </header>
</div>
`;
