// Vitest Snapshot v1

exports[`PrescriptionPage > should match with snapshot 1`] = `
<div>
  <main
    class="sc-hKMtZM euFtsb"
  >
    <header
      class="sc-iBkjds gAPiSf"
      data-testid="test-navigation"
    >
      <img
        alt="Medline logo"
        class="sc-ftvSup gzAWiR"
        src="/src/assets/images/medline-logo.svg"
      />
      <nav
        class="sc-papXJ kwFdqk"
        data-testid="test-navigation-items"
      >
        <div
          class="sc-gKXOVf jkpgXy"
        >
          <button
            class="sc-kDDrLX fqBuiE"
            type="button"
          >
            Cadastro
          </button>
        </div>
        <div
          class="sc-gKXOVf jkpgXy"
        >
          <a
            href="/login"
          >
            Entrar
          </a>
        </div>
      </nav>
    </header>
    <div
      class="sc-jSMfEi ksOgzB"
    >
      <h3
        class="sc-eCYdqJ bQnWtR"
      >
        Atestados e Receitas
      </h3>
      <div>
        Pagination
      </div>
    </div>
  </main>
  ,
</div>
`;
