// Vitest Snapshot v1

exports[`Register > should match with snapshot 1`] = `
<div>
  <div
    class="sc-bczRLJ fLfyXd"
  >
    <header
      class="sc-breuTD bvHIRC"
      data-testid="test-navigation"
    >
      <img
        alt="Medline logo"
        class="sc-ksZaOG hdhcOY"
        src="/src/assets/images/medline-logo.svg"
      />
      <nav
        class="sc-hAZoDl jYIcRX"
        data-testid="test-navigation-items"
      >
        <div
          class="sc-evZas gLFSKm"
        >
          <button
            class="sc-crXcEl CHpSV"
          >
            Cadastro
          </button>
        </div>
        <div
          class="sc-evZas gLFSKm"
        >
          <a
            href="/login"
          >
            Entrar
          </a>
        </div>
      </nav>
    </header>
    <div
      class="sc-gsnTZi dXGIgA"
    >
      <div
        class="sc-dkzDqf iIpbcV"
      />
      <div
        class="sc-hKMtZM gDVjvv"
      >
        <h1
          class="sc-eCYdqJ eVEZxl"
        >
          Informe seus dados
        </h1>
        <div
          class="sc-jSMfEi dnSuBL"
        >
          <div
            class="sc-papXJ dIxUuV"
          >
            <span
              class="sc-jqUVSM dcSCwQ"
              data-testid="test-input-label"
            >
              Nome
            </span>
            <div
              class="sc-kDDrLX hotFGy"
            >
              <input
                class="sc-iqcoie jqtTIz"
                data-testid="test-input"
                name="name"
                placeholder="Nome"
                type="text"
                value=""
              />
            </div>
          </div>
          <div
            class="sc-papXJ dIxUuV"
          >
            <span
              class="sc-jqUVSM dcSCwQ"
              data-testid="test-input-label"
            >
              Data de Nascimento
            </span>
            <div
              class="sc-kDDrLX hotFGy"
            >
              <input
                class="sc-iqcoie jqtTIz"
                data-testid="test-input"
                name="birth"
                placeholder="Data de Nascimento"
                type="text"
                value=""
              />
            </div>
          </div>
        </div>
        <div
          class="sc-jSMfEi dnSuBL"
        >
          <div
            class="sc-papXJ dIxUuV"
          >
            <span
              class="sc-jqUVSM dcSCwQ"
              data-testid="test-input-label"
            >
              CPF
            </span>
            <div
              class="sc-kDDrLX hotFGy"
            >
              <input
                class="sc-iqcoie jqtTIz"
                data-testid="test-input"
                placeholder="CPF"
                type="text"
                value=""
              />
            </div>
          </div>
          <div
            class="sc-papXJ dIxUuV"
          >
            <span
              class="sc-jqUVSM dcSCwQ"
              data-testid="test-input-label"
            >
              RG
            </span>
            <div
              class="sc-kDDrLX hotFGy"
            >
              <input
                class="sc-iqcoie jqtTIz"
                data-testid="test-input"
                placeholder="RG"
                type="text"
                value=""
              />
            </div>
          </div>
        </div>
        <div
          class="sc-papXJ dIxUuV"
        >
          <span
            class="sc-jqUVSM dcSCwQ"
            data-testid="test-input-label"
          >
            Email
          </span>
          <div
            class="sc-kDDrLX hotFGy"
          >
            <input
              class="sc-iqcoie jqtTIz"
              data-testid="test-input"
              placeholder="Email"
              type="text"
              value=""
            />
          </div>
        </div>
        <div
          class="sc-papXJ dIxUuV"
        >
          <span
            class="sc-jqUVSM dcSCwQ"
            data-testid="test-input-label"
          >
            Senha
          </span>
          <div
            class="sc-kDDrLX hotFGy"
          >
            <input
              class="sc-iqcoie jqtTIz"
              data-testid="test-input"
              placeholder="Senha"
              type="text"
              value=""
            />
          </div>
        </div>
        <div
          class="sc-papXJ dIxUuV"
        >
          <span
            class="sc-jqUVSM dcSCwQ"
            data-testid="test-input-label"
          >
            Confirmar senha
          </span>
          <div
            class="sc-kDDrLX hotFGy"
          >
            <input
              class="sc-iqcoie jqtTIz"
              data-testid="test-input"
              placeholder="Confirmar senha"
              type="text"
              value=""
            />
          </div>
        </div>
        <div
          class="sc-iBkjds cqMmdU"
        >
          <h1
            class="sc-gKXOVf kEyzby"
          >
            Endereço
          </h1>
          <div
            class="sc-jSMfEi dnSuBL"
          >
            <div
              class="sc-papXJ dIxUuV"
            >
              <span
                class="sc-jqUVSM dcSCwQ"
                data-testid="test-input-label"
              >
                CEP
              </span>
              <div
                class="sc-kDDrLX hotFGy"
              >
                <input
                  class="sc-iqcoie jqtTIz"
                  data-testid="test-input"
                  placeholder="CEP"
                  type="text"
                  value=""
                />
              </div>
            </div>
            <div
              class="sc-papXJ dIxUuV"
            >
              <span
                class="sc-jqUVSM dcSCwQ"
                data-testid="test-input-label"
              >
                Estado
              </span>
              <div
                class="sc-kDDrLX hotFGy"
              >
                <input
                  class="sc-iqcoie jqtTIz"
                  data-testid="test-input"
                  placeholder="Estado"
                  type="text"
                  value=""
                />
              </div>
            </div>
          </div>
          <div
            class="sc-jSMfEi dnSuBL"
          >
            <div
              class="sc-papXJ dIxUuV"
            >
              <span
                class="sc-jqUVSM dcSCwQ"
                data-testid="test-input-label"
              >
                Rua
              </span>
              <div
                class="sc-kDDrLX hotFGy"
              >
                <input
                  class="sc-iqcoie jqtTIz"
                  data-testid="test-input"
                  name="street-address"
                  placeholder="Cidade"
                  type="text"
                  value=""
                />
              </div>
            </div>
            <div
              class="sc-papXJ dIxUuV"
            >
              <span
                class="sc-jqUVSM dcSCwQ"
                data-testid="test-input-label"
              >
                Cidade
              </span>
              <div
                class="sc-kDDrLX hotFGy"
              >
                <input
                  class="sc-iqcoie jqtTIz"
                  data-testid="test-input"
                  placeholder="Cidade"
                  type="text"
                  value=""
                />
              </div>
            </div>
          </div>
          <div
            class="sc-jSMfEi dnSuBL"
          >
            <div
              class="sc-papXJ dIxUuV"
            >
              <span
                class="sc-jqUVSM dcSCwQ"
                data-testid="test-input-label"
              >
                Nº Residência
              </span>
              <div
                class="sc-kDDrLX hotFGy"
              >
                <input
                  class="sc-iqcoie jqtTIz"
                  data-testid="test-input"
                  placeholder="Nº Residência"
                  type="text"
                  value=""
                />
              </div>
            </div>
            <div
              class="sc-papXJ dIxUuV"
            >
              <span
                class="sc-jqUVSM dcSCwQ"
                data-testid="test-input-label"
              >
                Bairro
              </span>
              <div
                class="sc-kDDrLX hotFGy"
              >
                <input
                  class="sc-iqcoie jqtTIz"
                  data-testid="test-input"
                  placeholder="Bairro"
                  type="text"
                  value=""
                />
              </div>
            </div>
          </div>
        </div>
        <div
          class="sc-ftvSup ioFdsF"
        >
          <button
            class="sc-crXcEl kULOXI"
          >
            Voltar
          </button>
          <button
            class="sc-crXcEl kULOXI"
          >
            Cadastrar
          </button>
        </div>
      </div>
    </div>
  </div>
  ,
</div>
`;
