// Vitest Snapshot v1

exports[`Register > should match with snapshot 1`] = `
<div>
  <div
    class="sc-bczRLJ fLfyXd"
  >
    <header
      class="sc-breuTD cJmYnz"
      data-testid="test-navigation"
    >
      <a
        href="/"
        id="header-logo"
      >
        <img
          alt="Medline logo"
          class="sc-ksZaOG drqLYO"
          src="/src/assets/images/medline-logo.svg"
        />
      </a>
      <nav
        class="sc-hAZoDl jYIcRX"
        data-testid="test-navigation-items"
      >
        <div
          class="sc-evZas cCkPtk"
        >
          <button
            class="sc-crXcEl jBoqGq"
            type="button"
          >
            Cadastro
          </button>
        </div>
        <div
          class="sc-evZas cCkPtk"
        >
          <a
            href="/login"
          >
            Entrar
          </a>
        </div>
      </nav>
    </header>
    <div
      class="sc-gsnTZi dXGIgA"
    >
      <div
        class="sc-dkzDqf iIpbcV"
      />
      <div
        class="sc-hKMtZM gDVjvv"
      >
        <h1
          class="sc-eCYdqJ eVEZxl"
        >
          Informe seus dados
        </h1>
        <div
          class="sc-jSMfEi dnSuBL"
        >
          <div
            class="sc-papXJ dIxUuV"
          >
            <span
              class="sc-jqUVSM dcSCwQ"
              data-testid="test-input-label"
            >
              Nome
            </span>
            <div
              class="sc-kDDrLX hotFGy"
            >
              <input
                class="sc-iqcoie jqtTIz"
                data-testid="test-input"
                name="name"
                placeholder="Nome"
                role="textbox"
                type="text"
                value=""
              />
            </div>
          </div>
          <div
            class="sc-papXJ dIxUuV"
          >
            <span
              class="sc-jqUVSM dcSCwQ"
              data-testid="test-input-label"
            >
              Data de Nascimento
            </span>
            <div
              class="sc-kDDrLX hotFGy"
            >
              <input
                class="sc-iqcoie jqtTIz"
                data-testid="test-input"
                name="birth"
                placeholder="Data de Nascimento"
                role="textbox"
                type="text"
                value=""
              />
            </div>
          </div>
        </div>
        <div
          class="sc-jSMfEi dnSuBL"
        >
          <div
            class="sc-papXJ dIxUuV"
          >
            <span
              class="sc-jqUVSM dcSCwQ"
              data-testid="test-input-label"
            >
              CPF
            </span>
            <div
              class="sc-kDDrLX hotFGy"
            >
              <input
                class="sc-iqcoie jqtTIz"
                data-testid="test-input"
                placeholder="CPF"
                role="textbox"
                type="text"
                value=""
              />
            </div>
          </div>
          <div
            class="sc-papXJ dIxUuV"
          >
            <span
              class="sc-jqUVSM dcSCwQ"
              data-testid="test-input-label"
            >
              RG
            </span>
            <div
              class="sc-kDDrLX hotFGy"
            >
              <input
                class="sc-iqcoie jqtTIz"
                data-testid="test-input"
                placeholder="RG"
                role="textbox"
                type="text"
                value=""
              />
            </div>
          </div>
        </div>
        <div
          class="sc-papXJ dIxUuV"
        >
          <span
            class="sc-jqUVSM dcSCwQ"
            data-testid="test-input-label"
          >
            Email
          </span>
          <div
            class="sc-kDDrLX hotFGy"
          >
            <input
              class="sc-iqcoie jqtTIz"
              data-testid="test-input"
              placeholder="Email"
              role="textbox"
              type="text"
              value=""
            />
          </div>
        </div>
        <div
          class="sc-papXJ dIxUuV"
        >
          <span
            class="sc-jqUVSM dcSCwQ"
            data-testid="test-input-label"
          >
            Senha
          </span>
          <div
            class="sc-kDDrLX hotFGy"
          >
            <input
              class="sc-iqcoie jqtTIz"
              data-testid="test-input"
              placeholder="Senha"
              role="textbox"
              type="password"
              value=""
            />
            <svg
              data-testid="test-eye-icon"
              fill="currentColor"
              height="26"
              role="img"
              stroke="currentColor"
              stroke-width="0"
              viewBox="0 0 576 512"
              width="26"
              xmlns="http://www.w3.org/2000/svg"
            >
              <path
                d="M572.52 241.4C518.29 135.59 410.93 64 288 64S57.68 135.64 3.48 241.41a32.35 32.35 0 0 0 0 29.19C57.71 376.41 165.07 448 288 448s230.32-71.64 284.52-177.41a32.35 32.35 0 0 0 0-29.19zM288 400a144 144 0 1 1 144-144 143.93 143.93 0 0 1-144 144zm0-240a95.31 95.31 0 0 0-25.31 3.79 47.85 47.85 0 0 1-66.9 66.9A95.78 95.78 0 1 0 288 160z"
              />
            </svg>
          </div>
        </div>
        <div
          class="sc-papXJ dIxUuV"
        >
          <span
            class="sc-jqUVSM dcSCwQ"
            data-testid="test-input-label"
          >
            Confirmar senha
          </span>
          <div
            class="sc-kDDrLX hotFGy"
          >
            <input
              class="sc-iqcoie jqtTIz"
              data-testid="test-input"
              placeholder="Confirmar senha"
              role="textbox"
              type="password"
              value=""
            />
            <svg
              data-testid="test-eye-icon"
              fill="currentColor"
              height="26"
              role="img"
              stroke="currentColor"
              stroke-width="0"
              viewBox="0 0 576 512"
              width="26"
              xmlns="http://www.w3.org/2000/svg"
            >
              <path
                d="M572.52 241.4C518.29 135.59 410.93 64 288 64S57.68 135.64 3.48 241.41a32.35 32.35 0 0 0 0 29.19C57.71 376.41 165.07 448 288 448s230.32-71.64 284.52-177.41a32.35 32.35 0 0 0 0-29.19zM288 400a144 144 0 1 1 144-144 143.93 143.93 0 0 1-144 144zm0-240a95.31 95.31 0 0 0-25.31 3.79 47.85 47.85 0 0 1-66.9 66.9A95.78 95.78 0 1 0 288 160z"
              />
            </svg>
          </div>
        </div>
        <div
          class="sc-iBkjds cqMmdU"
        >
          <h1
            class="sc-gKXOVf kEyzby"
          >
            Endereço
          </h1>
          <div
            class="sc-jSMfEi dnSuBL"
          >
            <div
              class="sc-papXJ dIxUuV"
            >
              <span
                class="sc-jqUVSM dcSCwQ"
                data-testid="test-input-label"
              >
                CEP
              </span>
              <div
                class="sc-kDDrLX hotFGy"
              >
                <input
                  class="sc-iqcoie jqtTIz"
                  data-testid="test-input"
                  placeholder="CEP"
                  role="textbox"
                  type="text"
                  value=""
                />
              </div>
            </div>
            <div
              class="sc-papXJ dIxUuV"
            >
              <span
                class="sc-jqUVSM dcSCwQ"
                data-testid="test-input-label"
              >
                Estado
              </span>
              <div
                class="sc-kDDrLX hotFGy"
              >
                <input
                  class="sc-iqcoie jqtTIz"
                  data-testid="test-input"
                  placeholder="Estado"
                  role="textbox"
                  type="text"
                  value=""
                />
              </div>
            </div>
          </div>
          <div
            class="sc-jSMfEi dnSuBL"
          >
            <div
              class="sc-papXJ dIxUuV"
            >
              <span
                class="sc-jqUVSM dcSCwQ"
                data-testid="test-input-label"
              >
                Rua
              </span>
              <div
                class="sc-kDDrLX hotFGy"
              >
                <input
                  class="sc-iqcoie jqtTIz"
                  data-testid="test-input"
                  name="street-address"
                  placeholder="Cidade"
                  role="textbox"
                  type="text"
                  value=""
                />
              </div>
            </div>
            <div
              class="sc-papXJ dIxUuV"
            >
              <span
                class="sc-jqUVSM dcSCwQ"
                data-testid="test-input-label"
              >
                Cidade
              </span>
              <div
                class="sc-kDDrLX hotFGy"
              >
                <input
                  class="sc-iqcoie jqtTIz"
                  data-testid="test-input"
                  placeholder="Cidade"
                  role="textbox"
                  type="text"
                  value=""
                />
              </div>
            </div>
          </div>
          <div
            class="sc-jSMfEi dnSuBL"
          >
            <div
              class="sc-papXJ dIxUuV"
            >
              <span
                class="sc-jqUVSM dcSCwQ"
                data-testid="test-input-label"
              >
                Nº Residência
              </span>
              <div
                class="sc-kDDrLX hotFGy"
              >
                <input
                  class="sc-iqcoie jqtTIz"
                  data-testid="test-input"
                  placeholder="Nº Residência"
                  role="textbox"
                  type="text"
                  value=""
                />
              </div>
            </div>
            <div
              class="sc-papXJ dIxUuV"
            >
              <span
                class="sc-jqUVSM dcSCwQ"
                data-testid="test-input-label"
              >
                Bairro
              </span>
              <div
                class="sc-kDDrLX hotFGy"
              >
                <input
                  class="sc-iqcoie jqtTIz"
                  data-testid="test-input"
                  placeholder="Bairro"
                  role="textbox"
                  type="text"
                  value=""
                />
              </div>
            </div>
          </div>
        </div>
        <div
          class="sc-ftvSup ioFdsF"
        >
          <button
            class="sc-crXcEl DbqLC"
            type="button"
          >
            Voltar
          </button>
          <button
            class="sc-crXcEl DbqLC"
            type="button"
          >
            Cadastrar
          </button>
        </div>
      </div>
    </div>
  </div>
  ,
</div>
`;
